<link rel="stylesheet" href="http://localhost:8000/dist/vite/assets/application.css" />
<script src="http://localhost:8000/dist/vite/assets/application.js" crossorigin="anonymous" type="module"></script>



<div class="tabs-component">
  <ul role="tablist" class="tabs-component-tabs">
    
      <li class="tabs-component-tab is-active" role="presentation">
        <a
          aria-controls="Kubernetes"
          aria-selected="true"
          href="#Kubernetes"
          class="tabs-component-tab-a"
          role="tab"
          data-slug="Kubernetes"
        >
          Kubernetes
        </a>
      </li>
    
      <li class="tabs-component-tab" role="presentation">
        <a
          aria-controls="Universal"
          aria-selected="false"
          href="#Universal"
          class="tabs-component-tab-a"
          role="tab"
          data-slug="Universal"
        >
          Universal
        </a>
      </li>
    
      <li class="tabs-component-tab" role="presentation">
        <a
          aria-controls="Terraform"
          aria-selected="false"
          href="#Terraform"
          class="tabs-component-tab-a"
          role="tab"
          data-slug="Terraform"
        >
          Terraform
        </a>
      </li>
    
  </ul>

  <div class="tabs-component-panels">
    
      <section
        aria-hidden="false"
        class="tabs-component-panel"
        id="Kubernetes"
        role="tabpanel"
        data-panel="Kubernetes"
      >
        
<div class="meshservice">
 <label> <input type="checkbox" /> I am using <a href="/mesh/2.10.x/networking/meshservice/">MeshService</a> </label>
</div>

<div class="language-yaml highlighter-rouge"><div class="highlight"><pre class="highlight"><code><span class="na">apiVersion</span><span class="pi">:</span> <span class="s">kuma.io/v1alpha1</span>
<span class="na">kind</span><span class="pi">:</span> <span class="s">MeshHTTPRoute</span>
<span class="na">metadata</span><span class="pi">:</span>
  <span class="na">name</span><span class="pi">:</span> <span class="s">http-route-1</span>
  <span class="na">namespace</span><span class="pi">:</span> <span class="s">kuma-demo</span>
  <span class="na">labels</span><span class="pi">:</span>
    <span class="na">kuma.io/mesh</span><span class="pi">:</span> <span class="s">default</span>
<span class="na">spec</span><span class="pi">:</span>
  <span class="na">targetRef</span><span class="pi">:</span>
    <span class="na">kind</span><span class="pi">:</span> <span class="s">MeshSubset</span>
    <span class="na">tags</span><span class="pi">:</span>
      <span class="na">app</span><span class="pi">:</span> <span class="s">frontend</span>
  <span class="na">to</span><span class="pi">:</span>
  <span class="pi">-</span> <span class="na">targetRef</span><span class="pi">:</span>
      <span class="na">kind</span><span class="pi">:</span> <span class="s">MeshService</span>
      <span class="na">name</span><span class="pi">:</span> <span class="s">backend_kuma-demo_svc_3001</span>
    <span class="na">rules</span><span class="pi">:</span>
    <span class="pi">-</span> <span class="na">matches</span><span class="pi">:</span>
      <span class="pi">-</span> <span class="na">headers</span><span class="pi">:</span>
        <span class="pi">-</span> <span class="na">type</span><span class="pi">:</span> <span class="s">Exact</span>
          <span class="na">name</span><span class="pi">:</span> <span class="s">mirror-this-request</span>
          <span class="na">value</span><span class="pi">:</span> <span class="s1">'</span><span class="s">true'</span>
      <span class="na">default</span><span class="pi">:</span>
        <span class="na">filters</span><span class="pi">:</span>
        <span class="pi">-</span> <span class="na">type</span><span class="pi">:</span> <span class="s">RequestMirror</span>
          <span class="na">requestMirror</span><span class="pi">:</span>
            <span class="na">percentage</span><span class="pi">:</span> <span class="m">30</span>
            <span class="na">backendRef</span><span class="pi">:</span>
              <span class="na">kind</span><span class="pi">:</span> <span class="s">MeshServiceSubset</span>
              <span class="na">name</span><span class="pi">:</span> <span class="s">backend_kuma-demo_svc_3001</span>
              <span class="na">tags</span><span class="pi">:</span>
                <span class="na">version</span><span class="pi">:</span> <span class="s">experimental</span>
        <span class="na">backendRefs</span><span class="pi">:</span>
        <span class="pi">-</span> <span class="na">kind</span><span class="pi">:</span> <span class="s">MeshService</span>
          <span class="na">name</span><span class="pi">:</span> <span class="s">backend_kuma-demo_svc_3001</span>
</code></pre></div></div>

<div class="language-yaml highlighter-rouge"><div class="highlight"><pre class="highlight"><code><span class="na">apiVersion</span><span class="pi">:</span> <span class="s">kuma.io/v1alpha1</span>
<span class="na">kind</span><span class="pi">:</span> <span class="s">MeshHTTPRoute</span>
<span class="na">metadata</span><span class="pi">:</span>
  <span class="na">name</span><span class="pi">:</span> <span class="s">http-route-1</span>
  <span class="na">namespace</span><span class="pi">:</span> <span class="s">kuma-demo</span>
  <span class="na">labels</span><span class="pi">:</span>
    <span class="na">kuma.io/mesh</span><span class="pi">:</span> <span class="s">default</span>
<span class="na">spec</span><span class="pi">:</span>
  <span class="na">targetRef</span><span class="pi">:</span>
    <span class="na">kind</span><span class="pi">:</span> <span class="s">MeshSubset</span>
    <span class="na">tags</span><span class="pi">:</span>
      <span class="na">app</span><span class="pi">:</span> <span class="s">frontend</span>
  <span class="na">to</span><span class="pi">:</span>
  <span class="pi">-</span> <span class="na">targetRef</span><span class="pi">:</span>
      <span class="na">kind</span><span class="pi">:</span> <span class="s">MeshService</span>
      <span class="na">name</span><span class="pi">:</span> <span class="s">backend</span>
      <span class="na">namespace</span><span class="pi">:</span> <span class="s">kuma-demo</span>
      <span class="na">sectionName</span><span class="pi">:</span> <span class="s">http</span>
    <span class="na">rules</span><span class="pi">:</span>
    <span class="pi">-</span> <span class="na">matches</span><span class="pi">:</span>
      <span class="pi">-</span> <span class="na">headers</span><span class="pi">:</span>
        <span class="pi">-</span> <span class="na">type</span><span class="pi">:</span> <span class="s">Exact</span>
          <span class="na">name</span><span class="pi">:</span> <span class="s">mirror-this-request</span>
          <span class="na">value</span><span class="pi">:</span> <span class="s1">'</span><span class="s">true'</span>
      <span class="na">default</span><span class="pi">:</span>
        <span class="na">filters</span><span class="pi">:</span>
        <span class="pi">-</span> <span class="na">type</span><span class="pi">:</span> <span class="s">RequestMirror</span>
          <span class="na">requestMirror</span><span class="pi">:</span>
            <span class="na">percentage</span><span class="pi">:</span> <span class="m">30</span>
            <span class="na">backendRef</span><span class="pi">:</span>
              <span class="na">kind</span><span class="pi">:</span> <span class="s">MeshService</span>
              <span class="na">name</span><span class="pi">:</span> <span class="s">backend-experimental</span>
              <span class="na">namespace</span><span class="pi">:</span> <span class="s">kuma-demo</span>
              <span class="na">port</span><span class="pi">:</span> <span class="m">3001</span>
        <span class="na">backendRefs</span><span class="pi">:</span>
        <span class="pi">-</span> <span class="na">kind</span><span class="pi">:</span> <span class="s">MeshService</span>
          <span class="na">name</span><span class="pi">:</span> <span class="s">backend</span>
          <span class="na">namespace</span><span class="pi">:</span> <span class="s">kuma-demo</span>
          <span class="na">port</span><span class="pi">:</span> <span class="m">3001</span>
</code></pre></div></div>


      </section>
    
      <section
        aria-hidden="true"
        class="tabs-component-panel hidden"
        id="Universal"
        role="tabpanel"
        data-panel="Universal"
      >
        
<div class="meshservice">
 <label> <input type="checkbox" /> I am using <a href="/mesh/2.10.x/networking/meshservice/">MeshService</a> </label>
</div>

<div class="language-yaml highlighter-rouge"><div class="highlight"><pre class="highlight"><code><span class="na">type</span><span class="pi">:</span> <span class="s">MeshHTTPRoute</span>
<span class="na">name</span><span class="pi">:</span> <span class="s">http-route-1</span>
<span class="na">mesh</span><span class="pi">:</span> <span class="s">default</span>
<span class="na">spec</span><span class="pi">:</span>
  <span class="na">targetRef</span><span class="pi">:</span>
    <span class="na">kind</span><span class="pi">:</span> <span class="s">MeshSubset</span>
    <span class="na">tags</span><span class="pi">:</span>
      <span class="na">app</span><span class="pi">:</span> <span class="s">frontend</span>
  <span class="na">to</span><span class="pi">:</span>
  <span class="pi">-</span> <span class="na">targetRef</span><span class="pi">:</span>
      <span class="na">kind</span><span class="pi">:</span> <span class="s">MeshService</span>
      <span class="na">name</span><span class="pi">:</span> <span class="s">backend</span>
    <span class="na">rules</span><span class="pi">:</span>
    <span class="pi">-</span> <span class="na">matches</span><span class="pi">:</span>
      <span class="pi">-</span> <span class="na">headers</span><span class="pi">:</span>
        <span class="pi">-</span> <span class="na">type</span><span class="pi">:</span> <span class="s">Exact</span>
          <span class="na">name</span><span class="pi">:</span> <span class="s">mirror-this-request</span>
          <span class="na">value</span><span class="pi">:</span> <span class="s1">'</span><span class="s">true'</span>
      <span class="na">default</span><span class="pi">:</span>
        <span class="na">filters</span><span class="pi">:</span>
        <span class="pi">-</span> <span class="na">type</span><span class="pi">:</span> <span class="s">RequestMirror</span>
          <span class="na">requestMirror</span><span class="pi">:</span>
            <span class="na">percentage</span><span class="pi">:</span> <span class="m">30</span>
            <span class="na">backendRef</span><span class="pi">:</span>
              <span class="na">kind</span><span class="pi">:</span> <span class="s">MeshServiceSubset</span>
              <span class="na">name</span><span class="pi">:</span> <span class="s">backend</span>
              <span class="na">tags</span><span class="pi">:</span>
                <span class="na">version</span><span class="pi">:</span> <span class="s">experimental</span>
        <span class="na">backendRefs</span><span class="pi">:</span>
        <span class="pi">-</span> <span class="na">kind</span><span class="pi">:</span> <span class="s">MeshService</span>
          <span class="na">name</span><span class="pi">:</span> <span class="s">backend</span>
</code></pre></div></div>

<div class="language-yaml highlighter-rouge"><div class="highlight"><pre class="highlight"><code><span class="na">type</span><span class="pi">:</span> <span class="s">MeshHTTPRoute</span>
<span class="na">name</span><span class="pi">:</span> <span class="s">http-route-1</span>
<span class="na">mesh</span><span class="pi">:</span> <span class="s">default</span>
<span class="na">spec</span><span class="pi">:</span>
  <span class="na">targetRef</span><span class="pi">:</span>
    <span class="na">kind</span><span class="pi">:</span> <span class="s">MeshSubset</span>
    <span class="na">tags</span><span class="pi">:</span>
      <span class="na">app</span><span class="pi">:</span> <span class="s">frontend</span>
  <span class="na">to</span><span class="pi">:</span>
  <span class="pi">-</span> <span class="na">targetRef</span><span class="pi">:</span>
      <span class="na">kind</span><span class="pi">:</span> <span class="s">MeshService</span>
      <span class="na">name</span><span class="pi">:</span> <span class="s">backend</span>
      <span class="na">sectionName</span><span class="pi">:</span> <span class="s">http</span>
    <span class="na">rules</span><span class="pi">:</span>
    <span class="pi">-</span> <span class="na">matches</span><span class="pi">:</span>
      <span class="pi">-</span> <span class="na">headers</span><span class="pi">:</span>
        <span class="pi">-</span> <span class="na">type</span><span class="pi">:</span> <span class="s">Exact</span>
          <span class="na">name</span><span class="pi">:</span> <span class="s">mirror-this-request</span>
          <span class="na">value</span><span class="pi">:</span> <span class="s1">'</span><span class="s">true'</span>
      <span class="na">default</span><span class="pi">:</span>
        <span class="na">filters</span><span class="pi">:</span>
        <span class="pi">-</span> <span class="na">type</span><span class="pi">:</span> <span class="s">RequestMirror</span>
          <span class="na">requestMirror</span><span class="pi">:</span>
            <span class="na">percentage</span><span class="pi">:</span> <span class="m">30</span>
            <span class="na">backendRef</span><span class="pi">:</span>
              <span class="na">kind</span><span class="pi">:</span> <span class="s">MeshService</span>
              <span class="na">name</span><span class="pi">:</span> <span class="s">backend-experimental</span>
              <span class="na">port</span><span class="pi">:</span> <span class="m">3001</span>
        <span class="na">backendRefs</span><span class="pi">:</span>
        <span class="pi">-</span> <span class="na">kind</span><span class="pi">:</span> <span class="s">MeshService</span>
          <span class="na">name</span><span class="pi">:</span> <span class="s">backend</span>
          <span class="na">port</span><span class="pi">:</span> <span class="m">3001</span>
</code></pre></div></div>


      </section>
    
      <section
        aria-hidden="true"
        class="tabs-component-panel hidden"
        id="Terraform"
        role="tabpanel"
        data-panel="Terraform"
      >
        
<div class="language-hcl highlighter-rouge"><div class="highlight"><pre class="highlight"><code><span class="nx">resource</span> <span class="s2">"konnect_mesh_http_route"</span> <span class="s2">"http_route_1"</span> <span class="p">{</span>
  <span class="nx">type</span> <span class="p">=</span> <span class="s2">"MeshHTTPRoute"</span>
  <span class="nx">name</span> <span class="p">=</span> <span class="s2">"http-route-1"</span>
  <span class="nx">mesh</span> <span class="p">=</span> <span class="s2">"default"</span>
  <span class="nx">spec</span> <span class="p">=</span> <span class="p">{</span>
    <span class="nx">target_ref</span> <span class="p">=</span> <span class="p">{</span>
      <span class="nx">kind</span> <span class="p">=</span> <span class="s2">"MeshSubset"</span>
      <span class="nx">tags</span> <span class="p">=</span> <span class="p">{</span>
        <span class="nx">app</span> <span class="p">=</span> <span class="s2">"frontend"</span>
      <span class="p">}</span>
    <span class="p">}</span>
    <span class="nx">to</span> <span class="p">=</span> <span class="p">[</span>
      <span class="p">{</span>
        <span class="nx">target_ref</span> <span class="p">=</span> <span class="p">{</span>
          <span class="nx">kind</span> <span class="p">=</span> <span class="s2">"MeshService"</span>
          <span class="nx">name</span> <span class="p">=</span> <span class="s2">"backend"</span>
          <span class="nx">section_name</span> <span class="p">=</span> <span class="s2">"http"</span>
        <span class="p">}</span>
        <span class="nx">rules</span> <span class="p">=</span> <span class="p">[</span>
          <span class="p">{</span>
            <span class="nx">matches</span> <span class="p">=</span> <span class="p">[</span>
              <span class="p">{</span>
                <span class="nx">headers</span> <span class="p">=</span> <span class="p">[</span>
                  <span class="p">{</span>
                    <span class="nx">type</span> <span class="p">=</span> <span class="s2">"Exact"</span>
                    <span class="nx">name</span> <span class="p">=</span> <span class="s2">"mirror-this-request"</span>
                    <span class="nx">value</span> <span class="p">=</span> <span class="s2">"true"</span>
                  <span class="p">}</span>
                <span class="p">]</span>
              <span class="p">}</span>
            <span class="p">]</span>
            <span class="nx">default</span> <span class="p">=</span> <span class="p">{</span>
              <span class="nx">filters</span> <span class="p">=</span> <span class="p">[</span>
                <span class="p">{</span>
                  <span class="nx">type</span> <span class="p">=</span> <span class="s2">"RequestMirror"</span>
                  <span class="nx">request_mirror</span> <span class="p">=</span> <span class="p">{</span>
                    <span class="nx">percentage</span> <span class="p">=</span> <span class="s2">"30"</span>
                    <span class="nx">backend_ref</span> <span class="p">=</span> <span class="p">{</span>
                      <span class="nx">kind</span> <span class="p">=</span> <span class="s2">"MeshService"</span>
                      <span class="nx">name</span> <span class="p">=</span> <span class="s2">"backend-experimental"</span>
                      <span class="nx">port</span> <span class="p">=</span> <span class="s2">"3001"</span>
                    <span class="p">}</span>
                  <span class="p">}</span>
                <span class="p">}</span>
              <span class="p">]</span>
              <span class="nx">backend_refs</span> <span class="p">=</span> <span class="p">[</span>
                <span class="p">{</span>
                  <span class="nx">kind</span> <span class="p">=</span> <span class="s2">"MeshService"</span>
                  <span class="nx">name</span> <span class="p">=</span> <span class="s2">"backend"</span>
                  <span class="nx">port</span> <span class="p">=</span> <span class="s2">"3001"</span>
                <span class="p">}</span>
              <span class="p">]</span>
            <span class="p">}</span>
          <span class="p">}</span>
        <span class="p">]</span>
      <span class="p">}</span>
    <span class="p">]</span>
  <span class="p">}</span>
<span class="p">}</span>

</code></pre></div></div>


      </section>
    
  </div>
</div>
